******************************************************************************
                  TI ARM Linker PC v5.1.5                      
******************************************************************************
>> Linked Sat Aug 16 01:26:59 2014

OUTPUT FILE NAME:   <tm4c_signalGen_periodicUART.out>
ENTRY POINT SYMBOL: "_c_int00"  address: 00000a19


MEMORY CONFIGURATION

         name            origin    length      used     unused   attr    fill
----------------------  --------  ---------  --------  --------  ----  --------
  FLASH                 00000000   00040000  00001098  0003ef68  R  X
  SRAM                  20000000   00008000  00000218  00007de8  RW X


SEGMENT ALLOCATION MAP

run origin  load origin   length   init length attrs members
----------  ----------- ---------- ----------- ----- -------
00000000    00000000    00001098   00001098    r-x
  00000000    00000000    0000026c   0000026c    r-- .intvecs
  0000026c    0000026c    00000a6c   00000a6c    r-x .text
  00000cd8    00000cd8    000003a0   000003a0    r-- .const
  00001078    00001078    00000020   00000020    r-- .cinit
20000000    20000000    00000218   00000000    rw-
  20000000    20000000    00000200   00000000    rw- .stack
  20000200    20000200    00000018   00000000    rw- .data


SECTION ALLOCATION MAP

 output                                  attributes/
section   page    origin      length       input sections
--------  ----  ----------  ----------   ----------------
.intvecs   0    00000000    0000026c     
                  00000000    0000026c     tm4c123gh6pm_startup_ccs.obj (.intvecs)

.init_array 
*          0    00000000    00000000     UNINITIALIZED

.text      0    0000026c    00000a6c     
                  0000026c    000001c4     main.obj (.text)
                  00000430    00000130     driverlib.lib : gpio.obj (.text:GPIOPadConfigSet)
                  00000560    00000104                   : sysctl.obj (.text:SysCtlClockSet)
                  00000664    000000c8                   : sysctl.obj (.text:SysCtlClockGet)
                  0000072c    0000009c     rtsv7M4_T_le_v4SPD16_eabi.lib : memcpy_t2.obj (.text)
                  000007c8    00000094                                   : auto_init.obj (.text)
                  0000085c    00000060     driverlib.lib : interrupt.obj (.text:IntEnable)
                  000008bc    0000005e     rtsv7M4_T_le_v4SPD16_eabi.lib : copy_decompress_rle.obj (.text)
                  0000091a    00000002     --HOLE-- [fill = 0]
                  0000091c    0000005c     driverlib.lib : timer.obj (.text:TimerConfigure)
                  00000978    00000056                   : gpio.obj (.text:GPIOIntTypeSet)
                  000009ce    00000002     --HOLE-- [fill = 0]
                  000009d0    00000048                   : gpio.obj (.text:GPIOPinConfigure)
                  00000a18    00000048     rtsv7M4_T_le_v4SPD16_eabi.lib : boot.obj (.text)
                  00000a60    00000044                                   : cpy_tbl.obj (.text)
                  00000aa4    00000044                                   : exit.obj (.text)
                  00000ae8    00000040     driverlib.lib : uart.obj (.text:UARTConfigSetExpClk)
                  00000b28    00000034                   : sysctl.obj (.text:SysCtlPeripheralEnable)
                  00000b5c    0000002a                   : gpio.obj (.text:GPIODirModeSet)
                  00000b86    00000002     --HOLE-- [fill = 0]
                  00000b88    00000024                   : interrupt.obj (.text:IntPrioritySet)
                  00000bac    0000001c                   : uart.obj (.text:UARTDisable)
                  00000bc8    00000018                   : gpio.obj (.text:GPIOPinTypeGPIOOutput)
                  00000be0    00000018     rtsv7M4_T_le_v4SPD16_eabi.lib : args_main.obj (.text)
                  00000bf8    00000014     driverlib.lib : uart.obj (.text:UARTEnable)
                  00000c0c    00000014     rtsv7M4_T_le_v4SPD16_eabi.lib : _lock.obj (.text)
                  00000c20    00000012     driverlib.lib : gpio.obj (.text:GPIOPinTypeGPIOInput)
                  00000c32    00000012                   : gpio.obj (.text:GPIOPinTypeUART)
                  00000c44    00000012                   : timer.obj (.text:TimerLoadSet)
                  00000c56    0000000e                   : timer.obj (.text:TimerEnable)
                  00000c64    0000000e                   : uart.obj (.text:UARTCharPutNonBlocking)
                  00000c72    0000000e     rtsv7M4_T_le_v4SPD16_eabi.lib : copy_decompress_none.obj (.text:decompress:none)
                  00000c80    0000000c     driverlib.lib : cpu.obj (.text:CPUcpsie)
                  00000c8c    0000000c                   : gpio.obj (.text:GPIOIntEnable)
                  00000c98    0000000c     tm4c123gh6pm_startup_ccs.obj (.text)
                  00000ca4    0000000a     driverlib.lib : interrupt.obj (.text:IntMasterEnable)
                  00000cae    00000008                   : timer.obj (.text:TimerIntEnable)
                  00000cb6    00000006                   : gpio.obj (.text:GPIOIntClear)
                  00000cbc    00000006                   : gpio.obj (.text:GPIOPinRead)
                  00000cc2    00000006                   : gpio.obj (.text:GPIOPinWrite)
                  00000cc8    00000006                   : sysctl.obj (.text:SysCtlDelay)
                  00000cce    00000006     rtsv7M4_T_le_v4SPD16_eabi.lib : copy_decompress_rle.obj (.text:decompress:rle24)
                  00000cd4    00000004     driverlib.lib : timer.obj (.text:TimerIntClear)

.const     0    00000cd8    000003a0     
                  00000cd8    00000198     main.obj (.const:maquinaEstados)
                  00000e70    0000009c     driverlib.lib : interrupt.obj (.const:g_pui32Regs)
                  00000f0c    00000090                   : gpio.obj (.const:g_pui32GPIOBaseAddrs)
                  00000f9c    00000070                   : interrupt.obj (.const)
                  0000100c    0000006c                   : sysctl.obj (.const:g_pui32Xtals)

.cinit     0    00001078    00000020     
                  00001078    0000000f     (.cinit..data.load) [load image, compression = rle]
                  00001087    00000001     --HOLE-- [fill = 0]
                  00001088    00000008     (__TI_handler_table)
                  00001090    00000008     (__TI_cinit_table)

.stack     0    20000000    00000200     UNINITIALIZED
                  20000000    00000200     --HOLE--

.data      0    20000200    00000018     UNINITIALIZED
                  20000200    00000008     rtsv7M4_T_le_v4SPD16_eabi.lib : _lock.obj (.data)
                  20000208    00000008                                   : exit.obj (.data)
                  20000210    00000004     main.obj (.data)
                  20000214    00000004     rtsv7M4_T_le_v4SPD16_eabi.lib : stkdepth_vars.obj (.data)


LINKER GENERATED COPY TABLES

__TI_cinit_table @ 00001090 records: 1, size/record: 8, table size: 8
	.data: load addr=00001078, load size=0000000f bytes, run addr=20000200, run size=00000018 bytes, compression=rle


LINKER GENERATED HANDLER TABLE

__TI_handler_table @ 00001088 records: 2, size/record: 4, table size: 8
	index: 0, handler: __TI_decompress_rle24
	index: 1, handler: __TI_decompress_none


GLOBAL SYMBOLS: SORTED ALPHABETICALLY BY Name 

address    name
--------   ----
00000aa5   C$$EXIT
00000c81   CPUcpsie
00000289   ConfigurarLedsBotones
000002e5   ConfigurarTimer
00000323   ConfigurarUART
00000b5d   GPIODirModeSet
00000cb7   GPIOIntClear
00000c8d   GPIOIntEnable
00000979   GPIOIntTypeSet
00000431   GPIOPadConfigSet
000009d1   GPIOPinConfigure
00000cbd   GPIOPinRead
00000c21   GPIOPinTypeGPIOInput
00000bc9   GPIOPinTypeGPIOOutput
00000c33   GPIOPinTypeUART
00000cc3   GPIOPinWrite
0000085d   IntEnable
00000ca5   IntMasterEnable
00000b89   IntPrioritySet
0000035d   Int_GPIOF_Handler
000003a7   Int_Timer0_Handler
00000c99   ResetISR
UNDEFED    SHT$$INIT_ARRAY$$Base
UNDEFED    SHT$$INIT_ARRAY$$Limit
00000665   SysCtlClockGet
00000561   SysCtlClockSet
00000cc9   SysCtlDelay
00000b29   SysCtlPeripheralEnable
0000091d   TimerConfigure
00000c57   TimerEnable
00000cd5   TimerIntClear
00000caf   TimerIntEnable
00000c45   TimerLoadSet
00000c65   UARTCharPutNonBlocking
00000ae9   UARTConfigSetExpClk
00000bad   UARTDisable
00000bf9   UARTEnable
20000200   __STACK_END
00000200   __STACK_SIZE
20000200   __STACK_TOP
00001090   __TI_CINIT_Base
00001098   __TI_CINIT_Limit
00001088   __TI_Handler_Table_Base
00001090   __TI_Handler_Table_Limit
00000001   __TI_args_main
000007c9   __TI_auto_init
20000208   __TI_cleanup_ptr
00000c73   __TI_decompress_none
00000ccf   __TI_decompress_rle24
2000020c   __TI_dtors_ptr
00000000   __TI_static_base__
0000072d   __aeabi_memcpy
0000072d   __aeabi_memcpy4
0000072d   __aeabi_memcpy8
ffffffff   __binit__
ffffffff   __c_args__
20000000   __stack
00000be1   _args_main
00000a19   _c_int00
20000200   _lock
00000c1b   _nop
00000c13   _register_lock
00000c0d   _register_unlock
20000204   _unlock
00000aa9   abort
ffffffff   binit
20000212   contMuestras
00000a61   copy_in
20000210   estadoActual
00000ab1   exit
00000000   g_pfnVectors
0000026d   main
20000214   main_func_sp
00000cd8   maquinaEstados
0000072d   memcpy


GLOBAL SYMBOLS: SORTED BY Symbol Address 

address    name
--------   ----
00000000   __TI_static_base__
00000000   g_pfnVectors
00000001   __TI_args_main
00000200   __STACK_SIZE
0000026d   main
00000289   ConfigurarLedsBotones
000002e5   ConfigurarTimer
00000323   ConfigurarUART
0000035d   Int_GPIOF_Handler
000003a7   Int_Timer0_Handler
00000431   GPIOPadConfigSet
00000561   SysCtlClockSet
00000665   SysCtlClockGet
0000072d   __aeabi_memcpy
0000072d   __aeabi_memcpy4
0000072d   __aeabi_memcpy8
0000072d   memcpy
000007c9   __TI_auto_init
0000085d   IntEnable
0000091d   TimerConfigure
00000979   GPIOIntTypeSet
000009d1   GPIOPinConfigure
00000a19   _c_int00
00000a61   copy_in
00000aa5   C$$EXIT
00000aa9   abort
00000ab1   exit
00000ae9   UARTConfigSetExpClk
00000b29   SysCtlPeripheralEnable
00000b5d   GPIODirModeSet
00000b89   IntPrioritySet
00000bad   UARTDisable
00000bc9   GPIOPinTypeGPIOOutput
00000be1   _args_main
00000bf9   UARTEnable
00000c0d   _register_unlock
00000c13   _register_lock
00000c1b   _nop
00000c21   GPIOPinTypeGPIOInput
00000c33   GPIOPinTypeUART
00000c45   TimerLoadSet
00000c57   TimerEnable
00000c65   UARTCharPutNonBlocking
00000c73   __TI_decompress_none
00000c81   CPUcpsie
00000c8d   GPIOIntEnable
00000c99   ResetISR
00000ca5   IntMasterEnable
00000caf   TimerIntEnable
00000cb7   GPIOIntClear
00000cbd   GPIOPinRead
00000cc3   GPIOPinWrite
00000cc9   SysCtlDelay
00000ccf   __TI_decompress_rle24
00000cd5   TimerIntClear
00000cd8   maquinaEstados
00001088   __TI_Handler_Table_Base
00001090   __TI_CINIT_Base
00001090   __TI_Handler_Table_Limit
00001098   __TI_CINIT_Limit
20000000   __stack
20000200   __STACK_END
20000200   __STACK_TOP
20000200   _lock
20000204   _unlock
20000208   __TI_cleanup_ptr
2000020c   __TI_dtors_ptr
20000210   estadoActual
20000212   contMuestras
20000214   main_func_sp
ffffffff   __binit__
ffffffff   __c_args__
ffffffff   binit
UNDEFED    SHT$$INIT_ARRAY$$Base
UNDEFED    SHT$$INIT_ARRAY$$Limit

[75 symbols]
