******************************************************************************
                  TI ARM Linker PC v5.1.5                      
******************************************************************************
>> Linked Sat Aug 16 01:30:34 2014

OUTPUT FILE NAME:   <tm4c_confUART_test.out>
ENTRY POINT SYMBOL: "_c_int00"  address: 0000089d


MEMORY CONFIGURATION

         name            origin    length      used     unused   attr    fill
----------------------  --------  ---------  --------  --------  ----  --------
  FLASH                 00000000   00040000  00000ca8  0003f358  R  X
  SRAM                  20000000   00008000  00000214  00007dec  RW X


SEGMENT ALLOCATION MAP

run origin  load origin   length   init length attrs members
----------  ----------- ---------- ----------- ----- -------
00000000    00000000    00000ca8   00000ca8    r-x
  00000000    00000000    0000026c   0000026c    r-- .intvecs
  0000026c    0000026c    000008b0   000008b0    r-x .text
  00000b1c    00000b1c    0000016c   0000016c    r-- .const
  00000c88    00000c88    00000020   00000020    r-- .cinit
20000000    20000000    00000214   00000000    rw-
  20000000    20000000    00000200   00000000    rw- .stack
  20000200    20000200    00000014   00000000    rw- .data


SECTION ALLOCATION MAP

 output                                  attributes/
section   page    origin      length       input sections
--------  ----  ----------  ----------   ----------------
.intvecs   0    00000000    0000026c     
                  00000000    0000026c     tm4c123gh6pm_startup_ccs.obj (.intvecs)

.init_array 
*          0    00000000    00000000     UNINITIALIZED

.text      0    0000026c    000008b0     
                  0000026c    00000130     driverlib.lib : gpio.obj (.text:GPIOPadConfigSet)
                  0000039c    00000104                   : sysctl.obj (.text:SysCtlClockSet)
                  000004a0    000000fc     main.obj (.text)
                  0000059c    000000c8     driverlib.lib : sysctl.obj (.text:SysCtlClockGet)
                  00000664    0000009c     rtsv7M4_T_le_v4SPD16_eabi.lib : memcpy_t2.obj (.text)
                  00000700    00000094                                   : auto_init.obj (.text)
                  00000794    00000060     driverlib.lib : interrupt.obj (.text:IntEnable)
                  000007f4    0000005e     rtsv7M4_T_le_v4SPD16_eabi.lib : copy_decompress_rle.obj (.text)
                  00000852    00000002     --HOLE-- [fill = 0]
                  00000854    00000048     driverlib.lib : gpio.obj (.text:GPIOPinConfigure)
                  0000089c    00000048     rtsv7M4_T_le_v4SPD16_eabi.lib : boot.obj (.text)
                  000008e4    00000044                                   : cpy_tbl.obj (.text)
                  00000928    00000044                                   : exit.obj (.text)
                  0000096c    00000040     driverlib.lib : uart.obj (.text:UARTConfigSetExpClk)
                  000009ac    00000034                   : sysctl.obj (.text:SysCtlPeripheralEnable)
                  000009e0    0000002a                   : gpio.obj (.text:GPIODirModeSet)
                  00000a0a    00000002     --HOLE-- [fill = 0]
                  00000a0c    0000001c                   : uart.obj (.text:UARTDisable)
                  00000a28    00000018                   : gpio.obj (.text:GPIOPinTypeGPIOOutput)
                  00000a40    00000018     rtsv7M4_T_le_v4SPD16_eabi.lib : args_main.obj (.text)
                  00000a58    00000014     driverlib.lib : uart.obj (.text:UARTEnable)
                  00000a6c    00000014     rtsv7M4_T_le_v4SPD16_eabi.lib : _lock.obj (.text)
                  00000a80    00000012     driverlib.lib : gpio.obj (.text:GPIOPinTypeUART)
                  00000a92    0000000e                   : uart.obj (.text:UARTCharGetNonBlocking)
                  00000aa0    0000000e                   : uart.obj (.text:UARTCharPutNonBlocking)
                  00000aae    0000000e     rtsv7M4_T_le_v4SPD16_eabi.lib : copy_decompress_none.obj (.text:decompress:none)
                  00000abc    0000000c     driverlib.lib : cpu.obj (.text:CPUcpsie)
                  00000ac8    0000000c                   : uart.obj (.text:UARTCharsAvail)
                  00000ad4    0000000c     tm4c123gh6pm_startup_ccs.obj (.text)
                  00000ae0    0000000a     driverlib.lib : interrupt.obj (.text:IntMasterEnable)
                  00000aea    0000000a                   : uart.obj (.text:UARTCharPut)
                  00000af4    0000000a                   : uart.obj (.text:UARTIntStatus)
                  00000afe    00000008                   : uart.obj (.text:UARTIntEnable)
                  00000b06    00000006                   : gpio.obj (.text:GPIOPinWrite)
                  00000b0c    00000006                   : sysctl.obj (.text:SysCtlDelay)
                  00000b12    00000006     rtsv7M4_T_le_v4SPD16_eabi.lib : copy_decompress_rle.obj (.text:decompress:rle24)
                  00000b18    00000004     driverlib.lib : uart.obj (.text:UARTIntClear)

.const     0    00000b1c    0000016c     
                  00000b1c    00000090     driverlib.lib : gpio.obj (.const:g_pui32GPIOBaseAddrs)
                  00000bac    00000070                   : interrupt.obj (.const)
                  00000c1c    0000006c                   : sysctl.obj (.const:g_pui32Xtals)

.cinit     0    00000c88    00000020     
                  00000c88    0000000f     (.cinit..data.load) [load image, compression = rle]
                  00000c97    00000001     --HOLE-- [fill = 0]
                  00000c98    00000008     (__TI_handler_table)
                  00000ca0    00000008     (__TI_cinit_table)

.stack     0    20000000    00000200     UNINITIALIZED
                  20000000    00000200     --HOLE--

.data      0    20000200    00000014     UNINITIALIZED
                  20000200    00000008     rtsv7M4_T_le_v4SPD16_eabi.lib : _lock.obj (.data)
                  20000208    00000008                                   : exit.obj (.data)
                  20000210    00000004                                   : stkdepth_vars.obj (.data)


LINKER GENERATED COPY TABLES

__TI_cinit_table @ 00000ca0 records: 1, size/record: 8, table size: 8
	.data: load addr=00000c88, load size=0000000f bytes, run addr=20000200, run size=00000014 bytes, compression=rle


LINKER GENERATED HANDLER TABLE

__TI_handler_table @ 00000c98 records: 2, size/record: 4, table size: 8
	index: 0, handler: __TI_decompress_rle24
	index: 1, handler: __TI_decompress_none


GLOBAL SYMBOLS: SORTED ALPHABETICALLY BY Name 

address    name
--------   ----
00000929   C$$EXIT
00000abd   CPUcpsie
000009e1   GPIODirModeSet
0000026d   GPIOPadConfigSet
00000855   GPIOPinConfigure
00000a29   GPIOPinTypeGPIOOutput
00000a81   GPIOPinTypeUART
00000b07   GPIOPinWrite
00000795   IntEnable
00000ae1   IntMasterEnable
00000ad5   ResetISR
UNDEFED    SHT$$INIT_ARRAY$$Base
UNDEFED    SHT$$INIT_ARRAY$$Limit
0000059d   SysCtlClockGet
0000039d   SysCtlClockSet
00000b0d   SysCtlDelay
000009ad   SysCtlPeripheralEnable
00000539   UART0_IntHandler
00000a93   UARTCharGetNonBlocking
00000aeb   UARTCharPut
00000aa1   UARTCharPutNonBlocking
00000ac9   UARTCharsAvail
0000096d   UARTConfigSetExpClk
00000a0d   UARTDisable
00000a59   UARTEnable
00000b19   UARTIntClear
00000aff   UARTIntEnable
00000af5   UARTIntStatus
20000200   __STACK_END
00000200   __STACK_SIZE
20000200   __STACK_TOP
00000ca0   __TI_CINIT_Base
00000ca8   __TI_CINIT_Limit
00000c98   __TI_Handler_Table_Base
00000ca0   __TI_Handler_Table_Limit
00000001   __TI_args_main
00000701   __TI_auto_init
20000208   __TI_cleanup_ptr
00000aaf   __TI_decompress_none
00000b13   __TI_decompress_rle24
2000020c   __TI_dtors_ptr
00000000   __TI_static_base__
00000665   __aeabi_memcpy
00000665   __aeabi_memcpy4
00000665   __aeabi_memcpy8
ffffffff   __binit__
ffffffff   __c_args__
20000000   __stack
00000a41   _args_main
0000089d   _c_int00
20000200   _lock
00000a7b   _nop
00000a73   _register_lock
00000a6d   _register_unlock
20000204   _unlock
0000092d   abort
ffffffff   binit
000004a1   confLeds
000008e5   copy_in
00000935   exit
00000000   g_pfnVectors
000004bd   main
20000210   main_func_sp
00000665   memcpy


GLOBAL SYMBOLS: SORTED BY Symbol Address 

address    name
--------   ----
00000000   __TI_static_base__
00000000   g_pfnVectors
00000001   __TI_args_main
00000200   __STACK_SIZE
0000026d   GPIOPadConfigSet
0000039d   SysCtlClockSet
000004a1   confLeds
000004bd   main
00000539   UART0_IntHandler
0000059d   SysCtlClockGet
00000665   __aeabi_memcpy
00000665   __aeabi_memcpy4
00000665   __aeabi_memcpy8
00000665   memcpy
00000701   __TI_auto_init
00000795   IntEnable
00000855   GPIOPinConfigure
0000089d   _c_int00
000008e5   copy_in
00000929   C$$EXIT
0000092d   abort
00000935   exit
0000096d   UARTConfigSetExpClk
000009ad   SysCtlPeripheralEnable
000009e1   GPIODirModeSet
00000a0d   UARTDisable
00000a29   GPIOPinTypeGPIOOutput
00000a41   _args_main
00000a59   UARTEnable
00000a6d   _register_unlock
00000a73   _register_lock
00000a7b   _nop
00000a81   GPIOPinTypeUART
00000a93   UARTCharGetNonBlocking
00000aa1   UARTCharPutNonBlocking
00000aaf   __TI_decompress_none
00000abd   CPUcpsie
00000ac9   UARTCharsAvail
00000ad5   ResetISR
00000ae1   IntMasterEnable
00000aeb   UARTCharPut
00000af5   UARTIntStatus
00000aff   UARTIntEnable
00000b07   GPIOPinWrite
00000b0d   SysCtlDelay
00000b13   __TI_decompress_rle24
00000b19   UARTIntClear
00000c98   __TI_Handler_Table_Base
00000ca0   __TI_CINIT_Base
00000ca0   __TI_Handler_Table_Limit
00000ca8   __TI_CINIT_Limit
20000000   __stack
20000200   __STACK_END
20000200   __STACK_TOP
20000200   _lock
20000204   _unlock
20000208   __TI_cleanup_ptr
2000020c   __TI_dtors_ptr
20000210   main_func_sp
ffffffff   __binit__
ffffffff   __c_args__
ffffffff   binit
UNDEFED    SHT$$INIT_ARRAY$$Base
UNDEFED    SHT$$INIT_ARRAY$$Limit

[64 symbols]
