******************************************************************************
                  TI ARM Linker PC v5.1.5                      
******************************************************************************
>> Linked Tue Jun 24 18:48:56 2014

OUTPUT FILE NAME:   <confADC_SensorTemp_registros.out>
ENTRY POINT SYMBOL: "_c_int00"  address: 000007ed


MEMORY CONFIGURATION

         name            origin    length      used     unused   attr    fill
----------------------  --------  ---------  --------  --------  ----  --------
  FLASH                 00000000   00040000  000009c6  0003f63a  R  X
  SRAM                  20000000   00008000  00000220  00007de0  RW X


SEGMENT ALLOCATION MAP

run origin  load origin   length   init length attrs members
----------  ----------- ---------- ----------- ----- -------
00000000    00000000    000009cc   000009cc    r-x
  00000000    00000000    0000026c   0000026c    r-- .intvecs
  0000026c    0000026c    00000736   00000736    r-x .text
  000009a8    000009a8    00000024   00000024    r-- .cinit
20000000    20000000    00000220   00000000    rw-
  20000000    20000000    00000200   00000000    rw- .stack
  20000200    20000200    00000020   00000000    rw- .data


SECTION ALLOCATION MAP

 output                                  attributes/
section   page    origin      length       input sections
--------  ----  ----------  ----------   ----------------
.intvecs   0    00000000    0000026c     
                  00000000    0000026c     tm4c123gh6pm_startup_ccs.obj (.intvecs)

.init_array 
*          0    00000000    00000000     UNINITIALIZED

.text      0    0000026c    00000736     
                  0000026c    000001bc     main.obj (.text)
                  00000428    00000130     driverlib.lib : gpio.obj (.text:GPIOPadConfigSet)
                  00000558    00000104                   : sysctl.obj (.text:SysCtlClockSet)
                  0000065c    0000009c     rtsv7M4_T_le_v4SPD16_eabi.lib : memcpy_t2.obj (.text)
                  000006f8    00000094                                   : auto_init.obj (.text)
                  0000078c    0000005e                                   : copy_decompress_rle.obj (.text)
                  000007ea    00000002     --HOLE-- [fill = 0]
                  000007ec    00000048                                   : boot.obj (.text)
                  00000834    00000044                                   : cpy_tbl.obj (.text)
                  00000878    00000044                                   : exit.obj (.text)
                  000008bc    00000034     driverlib.lib : sysctl.obj (.text:SysCtlPeripheralEnable)
                  000008f0    0000002a                   : gpio.obj (.text:GPIODirModeSet)
                  0000091a    00000018                   : gpio.obj (.text:GPIOPinTypeGPIOOutput)
                  00000932    00000002     --HOLE-- [fill = 0]
                  00000934    00000018     rtsv7M4_T_le_v4SPD16_eabi.lib : args_main.obj (.text)
                  0000094c    00000014                                   : _lock.obj (.text)
                  00000960    0000000e                                   : copy_decompress_none.obj (.text:decompress:none)
                  0000096e    0000000c     driverlib.lib : cpu.obj (.text:CPUcpsie)
                  0000097a    0000000c     tm4c123gh6pm_startup_ccs.obj (.text)
                  00000986    0000000a     driverlib.lib : interrupt.obj (.text:IntMasterEnable)
                  00000990    00000006                   : gpio.obj (.text:GPIOPinWrite)
                  00000996    00000006                   : sysctl.obj (.text:SysCtlDelay)
                  0000099c    00000006     rtsv7M4_T_le_v4SPD16_eabi.lib : copy_decompress_rle.obj (.text:decompress:rle24)

.cinit     0    000009a8    00000024     
                  000009a8    00000012     (.cinit..data.load) [load image, compression = rle]
                  000009ba    00000002     --HOLE-- [fill = 0]
                  000009bc    00000008     (__TI_handler_table)
                  000009c4    00000008     (__TI_cinit_table)

.stack     0    20000000    00000200     UNINITIALIZED
                  20000000    00000200     --HOLE--

.data      0    20000200    00000020     UNINITIALIZED
                  20000200    0000000c     main.obj (.data)
                  2000020c    00000008     rtsv7M4_T_le_v4SPD16_eabi.lib : _lock.obj (.data)
                  20000214    00000008                                   : exit.obj (.data)
                  2000021c    00000004                                   : stkdepth_vars.obj (.data)


LINKER GENERATED COPY TABLES

__TI_cinit_table @ 000009c4 records: 1, size/record: 8, table size: 8
	.data: load addr=000009a8, load size=00000012 bytes, run addr=20000200, run size=00000020 bytes, compression=rle


LINKER GENERATED HANDLER TABLE

__TI_handler_table @ 000009bc records: 2, size/record: 4, table size: 8
	index: 0, handler: __TI_decompress_rle24
	index: 1, handler: __TI_decompress_none


GLOBAL SYMBOLS: SORTED ALPHABETICALLY BY Name 

address    name
--------   ----
0000026d   ADC0SS3_TimerTrigger_Init
000003a1   ADCSS3_IntHandler
00000879   C$$EXIT
0000096f   CPUcpsie
000008f1   GPIODirModeSet
00000429   GPIOPadConfigSet
0000091b   GPIOPinTypeGPIOOutput
00000991   GPIOPinWrite
00000987   IntMasterEnable
0000097b   ResetISR
UNDEFED    SHT$$INIT_ARRAY$$Base
UNDEFED    SHT$$INIT_ARRAY$$Limit
00000559   SysCtlClockSet
00000997   SysCtlDelay
000008bd   SysCtlPeripheralEnable
00000387   Timer0IntHandler
000002ed   Timer0_Init
20000200   __STACK_END
00000200   __STACK_SIZE
20000200   __STACK_TOP
000009c4   __TI_CINIT_Base
000009cc   __TI_CINIT_Limit
000009bc   __TI_Handler_Table_Base
000009c4   __TI_Handler_Table_Limit
00000001   __TI_args_main
000006f9   __TI_auto_init
20000214   __TI_cleanup_ptr
00000961   __TI_decompress_none
0000099d   __TI_decompress_rle24
20000218   __TI_dtors_ptr
00000000   __TI_static_base__
0000065d   __aeabi_memcpy
0000065d   __aeabi_memcpy4
0000065d   __aeabi_memcpy8
ffffffff   __binit__
ffffffff   __c_args__
20000000   __stack
00000935   _args_main
000007ed   _c_int00
2000020c   _lock
0000095b   _nop
00000953   _register_lock
0000094d   _register_unlock
20000210   _unlock
0000087d   abort
ffffffff   binit
00000835   copy_in
00000885   exit
00000000   g_pfnVectors
00000357   main
2000021c   main_func_sp
0000065d   memcpy
20000204   noConversiones
20000200   noInterrupciones
20000208   tempSensor


GLOBAL SYMBOLS: SORTED BY Symbol Address 

address    name
--------   ----
00000000   __TI_static_base__
00000000   g_pfnVectors
00000001   __TI_args_main
00000200   __STACK_SIZE
0000026d   ADC0SS3_TimerTrigger_Init
000002ed   Timer0_Init
00000357   main
00000387   Timer0IntHandler
000003a1   ADCSS3_IntHandler
00000429   GPIOPadConfigSet
00000559   SysCtlClockSet
0000065d   __aeabi_memcpy
0000065d   __aeabi_memcpy4
0000065d   __aeabi_memcpy8
0000065d   memcpy
000006f9   __TI_auto_init
000007ed   _c_int00
00000835   copy_in
00000879   C$$EXIT
0000087d   abort
00000885   exit
000008bd   SysCtlPeripheralEnable
000008f1   GPIODirModeSet
0000091b   GPIOPinTypeGPIOOutput
00000935   _args_main
0000094d   _register_unlock
00000953   _register_lock
0000095b   _nop
00000961   __TI_decompress_none
0000096f   CPUcpsie
0000097b   ResetISR
00000987   IntMasterEnable
00000991   GPIOPinWrite
00000997   SysCtlDelay
0000099d   __TI_decompress_rle24
000009bc   __TI_Handler_Table_Base
000009c4   __TI_CINIT_Base
000009c4   __TI_Handler_Table_Limit
000009cc   __TI_CINIT_Limit
20000000   __stack
20000200   __STACK_END
20000200   __STACK_TOP
20000200   noInterrupciones
20000204   noConversiones
20000208   tempSensor
2000020c   _lock
20000210   _unlock
20000214   __TI_cleanup_ptr
20000218   __TI_dtors_ptr
2000021c   main_func_sp
ffffffff   __binit__
ffffffff   __c_args__
ffffffff   binit
UNDEFED    SHT$$INIT_ARRAY$$Base
UNDEFED    SHT$$INIT_ARRAY$$Limit

[55 symbols]
