******************************************************************************
                  TI ARM Linker PC v5.1.5                      
******************************************************************************
>> Linked Sat Aug 16 01:30:29 2014

OUTPUT FILE NAME:   <tm4c_confADC_testTempRegistros.out>
ENTRY POINT SYMBOL: "_c_int00"  address: 000007f1


MEMORY CONFIGURATION

         name            origin    length      used     unused   attr    fill
----------------------  --------  ---------  --------  --------  ----  --------
  FLASH                 00000000   00040000  000009ca  0003f636  R  X
  SRAM                  20000000   00008000  00000220  00007de0  RW X


SEGMENT ALLOCATION MAP

run origin  load origin   length   init length attrs members
----------  ----------- ---------- ----------- ----- -------
00000000    00000000    000009cc   000009cc    r-x
  00000000    00000000    0000026c   0000026c    r-- .intvecs
  0000026c    0000026c    0000073a   0000073a    r-x .text
  000009a8    000009a8    00000024   00000024    r-- .cinit
20000000    20000000    00000220   00000000    rw-
  20000000    20000000    00000200   00000000    rw- .stack
  20000200    20000200    00000020   00000000    rw- .data


SECTION ALLOCATION MAP

 output                                  attributes/
section   page    origin      length       input sections
--------  ----  ----------  ----------   ----------------
.intvecs   0    00000000    0000026c     
                  00000000    0000026c     tm4c123gh6pm_startup_ccs.obj (.intvecs)

.init_array 
*          0    00000000    00000000     UNINITIALIZED

.text      0    0000026c    0000073a     
                  0000026c    000001c0     main.obj (.text)
                  0000042c    00000130     driverlib.lib : gpio.obj (.text:GPIOPadConfigSet)
                  0000055c    00000104                   : sysctl.obj (.text:SysCtlClockSet)
                  00000660    0000009c     rtsv7M4_T_le_v4SPD16_eabi.lib : memcpy_t2.obj (.text)
                  000006fc    00000094                                   : auto_init.obj (.text)
                  00000790    0000005e                                   : copy_decompress_rle.obj (.text)
                  000007ee    00000002     --HOLE-- [fill = 0]
                  000007f0    00000048                                   : boot.obj (.text)
                  00000838    00000044                                   : cpy_tbl.obj (.text)
                  0000087c    00000044                                   : exit.obj (.text)
                  000008c0    00000034     driverlib.lib : sysctl.obj (.text:SysCtlPeripheralEnable)
                  000008f4    0000002a                   : gpio.obj (.text:GPIODirModeSet)
                  0000091e    00000018                   : gpio.obj (.text:GPIOPinTypeGPIOOutput)
                  00000936    00000002     --HOLE-- [fill = 0]
                  00000938    00000018     rtsv7M4_T_le_v4SPD16_eabi.lib : args_main.obj (.text)
                  00000950    00000014                                   : _lock.obj (.text)
                  00000964    0000000e                                   : copy_decompress_none.obj (.text:decompress:none)
                  00000972    0000000c     driverlib.lib : cpu.obj (.text:CPUcpsie)
                  0000097e    0000000c     tm4c123gh6pm_startup_ccs.obj (.text)
                  0000098a    0000000a     driverlib.lib : interrupt.obj (.text:IntMasterEnable)
                  00000994    00000006                   : gpio.obj (.text:GPIOPinWrite)
                  0000099a    00000006                   : sysctl.obj (.text:SysCtlDelay)
                  000009a0    00000006     rtsv7M4_T_le_v4SPD16_eabi.lib : copy_decompress_rle.obj (.text:decompress:rle24)

.cinit     0    000009a8    00000024     
                  000009a8    00000012     (.cinit..data.load) [load image, compression = rle]
                  000009ba    00000002     --HOLE-- [fill = 0]
                  000009bc    00000008     (__TI_handler_table)
                  000009c4    00000008     (__TI_cinit_table)

.stack     0    20000000    00000200     UNINITIALIZED
                  20000000    00000200     --HOLE--

.data      0    20000200    00000020     UNINITIALIZED
                  20000200    0000000c     main.obj (.data)
                  2000020c    00000008     rtsv7M4_T_le_v4SPD16_eabi.lib : _lock.obj (.data)
                  20000214    00000008                                   : exit.obj (.data)
                  2000021c    00000004                                   : stkdepth_vars.obj (.data)


LINKER GENERATED COPY TABLES

__TI_cinit_table @ 000009c4 records: 1, size/record: 8, table size: 8
	.data: load addr=000009a8, load size=00000012 bytes, run addr=20000200, run size=00000020 bytes, compression=rle


LINKER GENERATED HANDLER TABLE

__TI_handler_table @ 000009bc records: 2, size/record: 4, table size: 8
	index: 0, handler: __TI_decompress_rle24
	index: 1, handler: __TI_decompress_none


GLOBAL SYMBOLS: SORTED ALPHABETICALLY BY Name 

address    name
--------   ----
0000026d   ADC0SS3_TimerTrigger_Init
000003a5   ADCSS3_IntHandler
0000087d   C$$EXIT
00000973   CPUcpsie
000008f5   GPIODirModeSet
0000042d   GPIOPadConfigSet
0000091f   GPIOPinTypeGPIOOutput
00000995   GPIOPinWrite
0000098b   IntMasterEnable
0000097f   ResetISR
UNDEFED    SHT$$INIT_ARRAY$$Base
UNDEFED    SHT$$INIT_ARRAY$$Limit
0000055d   SysCtlClockSet
0000099b   SysCtlDelay
000008c1   SysCtlPeripheralEnable
0000038b   Timer0IntHandler
000002f1   Timer0_Init
20000200   __STACK_END
00000200   __STACK_SIZE
20000200   __STACK_TOP
000009c4   __TI_CINIT_Base
000009cc   __TI_CINIT_Limit
000009bc   __TI_Handler_Table_Base
000009c4   __TI_Handler_Table_Limit
00000001   __TI_args_main
000006fd   __TI_auto_init
20000214   __TI_cleanup_ptr
00000965   __TI_decompress_none
000009a1   __TI_decompress_rle24
20000218   __TI_dtors_ptr
00000000   __TI_static_base__
00000661   __aeabi_memcpy
00000661   __aeabi_memcpy4
00000661   __aeabi_memcpy8
ffffffff   __binit__
ffffffff   __c_args__
20000000   __stack
00000939   _args_main
000007f1   _c_int00
2000020c   _lock
0000095f   _nop
00000957   _register_lock
00000951   _register_unlock
20000210   _unlock
00000881   abort
ffffffff   binit
00000839   copy_in
00000889   exit
00000000   g_pfnVectors
0000035b   main
2000021c   main_func_sp
00000661   memcpy
20000204   noConversiones
20000200   noInterrupciones
20000208   tempSensor


GLOBAL SYMBOLS: SORTED BY Symbol Address 

address    name
--------   ----
00000000   __TI_static_base__
00000000   g_pfnVectors
00000001   __TI_args_main
00000200   __STACK_SIZE
0000026d   ADC0SS3_TimerTrigger_Init
000002f1   Timer0_Init
0000035b   main
0000038b   Timer0IntHandler
000003a5   ADCSS3_IntHandler
0000042d   GPIOPadConfigSet
0000055d   SysCtlClockSet
00000661   __aeabi_memcpy
00000661   __aeabi_memcpy4
00000661   __aeabi_memcpy8
00000661   memcpy
000006fd   __TI_auto_init
000007f1   _c_int00
00000839   copy_in
0000087d   C$$EXIT
00000881   abort
00000889   exit
000008c1   SysCtlPeripheralEnable
000008f5   GPIODirModeSet
0000091f   GPIOPinTypeGPIOOutput
00000939   _args_main
00000951   _register_unlock
00000957   _register_lock
0000095f   _nop
00000965   __TI_decompress_none
00000973   CPUcpsie
0000097f   ResetISR
0000098b   IntMasterEnable
00000995   GPIOPinWrite
0000099b   SysCtlDelay
000009a1   __TI_decompress_rle24
000009bc   __TI_Handler_Table_Base
000009c4   __TI_CINIT_Base
000009c4   __TI_Handler_Table_Limit
000009cc   __TI_CINIT_Limit
20000000   __stack
20000200   __STACK_END
20000200   __STACK_TOP
20000200   noInterrupciones
20000204   noConversiones
20000208   tempSensor
2000020c   _lock
20000210   _unlock
20000214   __TI_cleanup_ptr
20000218   __TI_dtors_ptr
2000021c   main_func_sp
ffffffff   __binit__
ffffffff   __c_args__
ffffffff   binit
UNDEFED    SHT$$INIT_ARRAY$$Base
UNDEFED    SHT$$INIT_ARRAY$$Limit

[55 symbols]
