******************************************************************************
                  TI ARM Linker PC v5.1.5                      
******************************************************************************
>> Linked Sat Aug 16 01:30:30 2014

OUTPUT FILE NAME:   <tm4c_confPWM_test.out>
ENTRY POINT SYMBOL: "_c_int00"  address: 00000849


MEMORY CONFIGURATION

         name            origin    length      used     unused   attr    fill
----------------------  --------  ---------  --------  --------  ----  --------
  FLASH                 00000000   00040000  00000a44  0003f5bc  R  X
  SRAM                  20000000   00008000  00000216  00007dea  RW X


SEGMENT ALLOCATION MAP

run origin  load origin   length   init length attrs members
----------  ----------- ---------- ----------- ----- -------
00000000    00000000    00000a48   00000a48    r-x
  00000000    00000000    0000026c   0000026c    r-- .intvecs
  0000026c    0000026c    000007a0   000007a0    r-x .text
  00000a10    00000a10    00000038   00000038    r-- .cinit
20000000    20000000    00000216   00000000    rw-
  20000000    20000000    00000200   00000000    rw- .stack
  20000200    20000200    00000014   00000000    rw- .data
  20000214    20000214    00000002   00000000    rw- .bss


SECTION ALLOCATION MAP

 output                                  attributes/
section   page    origin      length       input sections
--------  ----  ----------  ----------   ----------------
.intvecs   0    00000000    0000026c     
                  00000000    0000026c     tm4c123gh6pm_startup_ccs.obj (.intvecs)

.init_array 
*          0    00000000    00000000     UNINITIALIZED

.text      0    0000026c    000007a0     
                  0000026c    00000218     main.obj (.text)
                  00000484    00000130     driverlib.lib : gpio.obj (.text:GPIOPadConfigSet)
                  000005b4    00000104                   : sysctl.obj (.text:SysCtlClockSet)
                  000006b8    0000009c     rtsv7M4_T_le_v4SPD16_eabi.lib : memcpy_t2.obj (.text)
                  00000754    00000094                                   : auto_init.obj (.text)
                  000007e8    0000005e                                   : copy_decompress_rle.obj (.text)
                  00000846    00000002     --HOLE-- [fill = 0]
                  00000848    00000048                                   : boot.obj (.text)
                  00000890    00000044                                   : cpy_tbl.obj (.text)
                  000008d4    00000044                                   : exit.obj (.text)
                  00000918    00000034     driverlib.lib : sysctl.obj (.text:SysCtlPeripheralEnable)
                  0000094c    0000002a                   : gpio.obj (.text:GPIODirModeSet)
                  00000976    00000018                   : gpio.obj (.text:GPIOPinTypeGPIOOutput)
                  0000098e    00000002     --HOLE-- [fill = 0]
                  00000990    00000018     rtsv7M4_T_le_v4SPD16_eabi.lib : args_main.obj (.text)
                  000009a8    00000014                                   : _lock.obj (.text)
                  000009bc    00000012     driverlib.lib : gpio.obj (.text:GPIOPinTypeGPIOInput)
                  000009ce    00000012     rtsv7M4_T_le_v4SPD16_eabi.lib : copy_zero_init.obj (.text:decompress:ZI)
                  000009e0    0000000e                                   : copy_decompress_none.obj (.text:decompress:none)
                  000009ee    0000000c     tm4c123gh6pm_startup_ccs.obj (.text)
                  000009fa    00000006     driverlib.lib : gpio.obj (.text:GPIOPinWrite)
                  00000a00    00000006                   : sysctl.obj (.text:SysCtlDelay)
                  00000a06    00000006     rtsv7M4_T_le_v4SPD16_eabi.lib : copy_decompress_rle.obj (.text:decompress:rle24)

.cinit     0    00000a10    00000038     
                  00000a10    0000000f     (.cinit..data.load) [load image, compression = rle]
                  00000a1f    00000001     --HOLE-- [fill = 0]
                  00000a20    0000000c     (__TI_handler_table)
                  00000a2c    00000004     --HOLE-- [fill = 0]
                  00000a30    00000008     (.cinit..bss.load) [load image, compression = zero_init]
                  00000a38    00000010     (__TI_cinit_table)

.stack     0    20000000    00000200     UNINITIALIZED
                  20000000    00000200     --HOLE--

.data      0    20000200    00000014     UNINITIALIZED
                  20000200    00000008     rtsv7M4_T_le_v4SPD16_eabi.lib : _lock.obj (.data)
                  20000208    00000008                                   : exit.obj (.data)
                  20000210    00000004                                   : stkdepth_vars.obj (.data)

.bss       0    20000214    00000002     UNINITIALIZED
                  20000214    00000002     (.common:duty_cycle)


LINKER GENERATED COPY TABLES

__TI_cinit_table @ 00000a38 records: 2, size/record: 8, table size: 16
	.data: load addr=00000a10, load size=0000000f bytes, run addr=20000200, run size=00000014 bytes, compression=rle
	.bss: load addr=00000a30, load size=00000008 bytes, run addr=20000214, run size=00000002 bytes, compression=zero_init


LINKER GENERATED HANDLER TABLE

__TI_handler_table @ 00000a20 records: 3, size/record: 4, table size: 12
	index: 0, handler: __TI_decompress_rle24
	index: 1, handler: __TI_decompress_none
	index: 2, handler: __TI_zero_init


GLOBAL SYMBOLS: SORTED ALPHABETICALLY BY Name 

address    name
--------   ----
000008d5   C$$EXIT
000003ad   Demonstration_routine
0000094d   GPIODirModeSet
00000485   GPIOPadConfigSet
000009bd   GPIOPinTypeGPIOInput
00000977   GPIOPinTypeGPIOOutput
000009fb   GPIOPinWrite
00000397   PWM1_Duty
00000301   PWM1_Init
000009ef   ResetISR
UNDEFED    SHT$$INIT_ARRAY$$Base
UNDEFED    SHT$$INIT_ARRAY$$Limit
000005b5   SysCtlClockSet
00000a01   SysCtlDelay
00000919   SysCtlPeripheralEnable
20000200   __STACK_END
00000200   __STACK_SIZE
20000200   __STACK_TOP
00000a38   __TI_CINIT_Base
00000a48   __TI_CINIT_Limit
00000a20   __TI_Handler_Table_Base
00000a2c   __TI_Handler_Table_Limit
00000001   __TI_args_main
00000755   __TI_auto_init
20000208   __TI_cleanup_ptr
000009e1   __TI_decompress_none
00000a07   __TI_decompress_rle24
2000020c   __TI_dtors_ptr
00000000   __TI_static_base__
000009cf   __TI_zero_init
000006b9   __aeabi_memcpy
000006b9   __aeabi_memcpy4
000006b9   __aeabi_memcpy8
ffffffff   __binit__
ffffffff   __c_args__
20000000   __stack
00000991   _args_main
00000849   _c_int00
20000200   _lock
000009b7   _nop
000009af   _register_lock
000009a9   _register_unlock
20000204   _unlock
000008d9   abort
ffffffff   binit
000003ed   configurarGPIO
00000891   copy_in
20000214   duty_cycle
000008e1   exit
00000000   g_pfnVectors
0000026d   main
20000210   main_func_sp
000006b9   memcpy


GLOBAL SYMBOLS: SORTED BY Symbol Address 

address    name
--------   ----
00000000   __TI_static_base__
00000000   g_pfnVectors
00000001   __TI_args_main
00000200   __STACK_SIZE
0000026d   main
00000301   PWM1_Init
00000397   PWM1_Duty
000003ad   Demonstration_routine
000003ed   configurarGPIO
00000485   GPIOPadConfigSet
000005b5   SysCtlClockSet
000006b9   __aeabi_memcpy
000006b9   __aeabi_memcpy4
000006b9   __aeabi_memcpy8
000006b9   memcpy
00000755   __TI_auto_init
00000849   _c_int00
00000891   copy_in
000008d5   C$$EXIT
000008d9   abort
000008e1   exit
00000919   SysCtlPeripheralEnable
0000094d   GPIODirModeSet
00000977   GPIOPinTypeGPIOOutput
00000991   _args_main
000009a9   _register_unlock
000009af   _register_lock
000009b7   _nop
000009bd   GPIOPinTypeGPIOInput
000009cf   __TI_zero_init
000009e1   __TI_decompress_none
000009ef   ResetISR
000009fb   GPIOPinWrite
00000a01   SysCtlDelay
00000a07   __TI_decompress_rle24
00000a20   __TI_Handler_Table_Base
00000a2c   __TI_Handler_Table_Limit
00000a38   __TI_CINIT_Base
00000a48   __TI_CINIT_Limit
20000000   __stack
20000200   __STACK_END
20000200   __STACK_TOP
20000200   _lock
20000204   _unlock
20000208   __TI_cleanup_ptr
2000020c   __TI_dtors_ptr
20000210   main_func_sp
20000214   duty_cycle
ffffffff   __binit__
ffffffff   __c_args__
ffffffff   binit
UNDEFED    SHT$$INIT_ARRAY$$Base
UNDEFED    SHT$$INIT_ARRAY$$Limit

[53 symbols]
